// Jest Snapshot v1, https://goo.gl/fbAQLP

exports[`SideBar renders correctly to match the SideBar snapshot 1`] = `
<DocumentFragment>
  <div>
    <h4>
      Search by Title
    </h4>
    <form
      class="search"
    >
      <input
        class="search-input"
        title="search-input"
        type="text"
        value=""
      />
      <button
        class="search-button"
        title="search"
        type="submit"
      >
        <svg
          aria-hidden="true"
          class="svg-inline--fa fa-search fa-w-16 "
          data-icon="search"
          data-prefix="fas"
          focusable="false"
          role="img"
          viewBox="0 0 512 512"
          xmlns="http://www.w3.org/2000/svg"
        >
          <path
            d="M505 442.7L405.3 343c-4.5-4.5-10.6-7-17-7H372c27.6-35.3 44-79.7 44-128C416 93.1 322.9 0 208 0S0 93.1 0 208s93.1 208 208 208c48.3 0 92.7-16.4 128-44v16.3c0 6.4 2.5 12.5 7 17l99.7 99.7c9.4 9.4 24.6 9.4 33.9 0l28.3-28.3c9.4-9.4 9.4-24.6.1-34zM208 336c-70.7 0-128-57.2-128-128 0-70.7 57.2-128 128-128 70.7 0 128 57.2 128 128 0 70.7-57.2 128-128 128z"
            fill="currentColor"
          />
        </svg>
      </button>
    </form>
    <div
      class="sidebar-links"
    >
      <h4>
        Filter by City
      </h4>
      <a
        class="sidebar-links-items"
        href="/?query={\\"city\\":\\"Manchester\\"}"
      >
        Manchester
      </a>
      <a
        class="sidebar-links-items"
        href="/?query={\\"city\\":\\"Leeds\\"}"
      >
        Leeds
      </a>
      <a
        class="sidebar-links-items"
        href="/?query={\\"city\\":\\"Sheffield\\"}"
      >
        Sheffield
      </a>
      <a
        class="sidebar-links-items"
        href="/?query={\\"city\\":\\"Liverpool\\"}"
      >
        Liverpool
      </a>
      <h4>
        Sort by Price
      </h4>
      <a
        class="sidebar-links-items"
        href="/?sort={\\"price\\":1}"
      >
        Price Ascending
      </a>
      <a
        class="sidebar-links-items"
        href="/?sort={\\"price\\":-1}"
      >
        Price Descending
      </a>
    </div>
    <button
      class="reset-button"
      type="submit"
    >
      Clear Filters
    </button>
  </div>
</DocumentFragment>
`;
